client/src/pages/restaurant-page.tsx(24,7): error TS2769: No overload matches this call.
  Overload 1 of 3, '(options: DefinedInitialDataOptions<{ address: string; id: number; name: string; description: string; phone: string; created_at: Date | null; cuisine_types: string[]; image_url: string; rating: number | null; delivery_time: number; price_for_two: number; admin_id: number; is_veg: boolean | null; }, Error, { ...; }, QueryKey>, queryClient?: QueryClient | undefined): DefinedUseQueryResult<...>', gave the following error.
    Object literal may only specify known properties, and 'onError' does not exist in type 'DefinedInitialDataOptions<{ address: string; id: number; name: string; description: string; phone: string; created_at: Date | null; cuisine_types: string[]; image_url: string; rating: number | null; delivery_time: number; price_for_two: number; admin_id: number; is_veg: boolean | null; }, Error, { ...; }, QueryKey>'.
  Overload 2 of 3, '(options: UndefinedInitialDataOptions<{ address: string; id: number; name: string; description: string; phone: string; created_at: Date | null; cuisine_types: string[]; image_url: string; rating: number | null; delivery_time: number; price_for_two: number; admin_id: number; is_veg: boolean | null; }, Error, { ...; }, QueryKey>, queryClient?: QueryClient | undefined): UseQueryResult<...>', gave the following error.
    Object literal may only specify known properties, and 'onError' does not exist in type 'UndefinedInitialDataOptions<{ address: string; id: number; name: string; description: string; phone: string; created_at: Date | null; cuisine_types: string[]; image_url: string; rating: number | null; delivery_time: number; price_for_two: number; admin_id: number; is_veg: boolean | null; }, Error, { ...; }, QueryKey>'.
  Overload 3 of 3, '(options: UseQueryOptions<{ address: string; id: number; name: string; description: string; phone: string; created_at: Date | null; cuisine_types: string[]; image_url: string; rating: number | null; delivery_time: number; price_for_two: number; admin_id: number; is_veg: boolean | null; }, Error, { ...; }, QueryKey>, queryClient?: QueryClient | undefined): UseQueryResult<...>', gave the following error.
    Object literal may only specify known properties, and 'onError' does not exist in type 'UseQueryOptions<{ address: string; id: number; name: string; description: string; phone: string; created_at: Date | null; cuisine_types: string[]; image_url: string; rating: number | null; delivery_time: number; price_for_two: number; admin_id: number; is_veg: boolean | null; }, Error, { ...; }, QueryKey>'.
client/src/pages/restaurant-page.tsx(24,17): error TS7006: Parameter 'error' implicitly has an 'any' type.
client/src/pages/restaurant-page.tsx(81,33): error TS2339: Property 'id' does not exist on type 'NonNullable<TQueryFnData>'.
client/src/pages/restaurant-page.tsx(82,35): error TS2339: Property 'name' does not exist on type 'NonNullable<TQueryFnData>'.
client/src/pages/restaurant-page.tsx(132,35): error TS2339: Property 'image_url' does not exist on type 'NonNullable<TQueryFnData>'.
client/src/pages/restaurant-page.tsx(133,35): error TS2339: Property 'name' does not exist on type 'NonNullable<TQueryFnData>'.
client/src/pages/restaurant-page.tsx(139,69): error TS2339: Property 'name' does not exist on type 'NonNullable<TQueryFnData>'.
client/src/pages/restaurant-page.tsx(141,31): error TS2339: Property 'cuisine_types' does not exist on type 'NonNullable<TQueryFnData>'.
client/src/pages/restaurant-page.tsx(143,63): error TS2339: Property 'address' does not exist on type 'NonNullable<TQueryFnData>'.
client/src/pages/restaurant-page.tsx(149,41): error TS2339: Property 'rating' does not exist on type 'NonNullable<TQueryFnData>'.
client/src/pages/restaurant-page.tsx(156,35): error TS2339: Property 'delivery_time' does not exist on type 'NonNullable<TQueryFnData>'.
client/src/pages/restaurant-page.tsx(165,36): error TS2339: Property 'price_for_two' does not exist on type 'NonNullable<TQueryFnData>'.
server/auth.ts(108,37): error TS7006: Parameter 'err' implicitly has an 'any' type.
server/auth.ts(108,42): error TS7006: Parameter 'user' implicitly has an 'any' type.
server/auth.ts(108,48): error TS7006: Parameter 'info' implicitly has an 'any' type.
server/routes.ts(641,9): error TS2345: Argument of type 'number | null | undefined' is not assignable to parameter of type 'number | undefined'.
  Type 'null' is not assignable to type 'number | undefined'.
server/storage.ts(99,25): error TS2694: Namespace 'session' has no exported member 'SessionStore'.
server/storage.ts(103,25): error TS2694: Namespace 'session' has no exported member 'SessionStore'.
server/storage.ts(134,50): error TS2769: No overload matches this call.
  Overload 1 of 2, '(value: { email: string | SQL<unknown> | Placeholder<string, any>; username: string | SQL<unknown> | Placeholder<string, any>; password: string | SQL<unknown> | Placeholder<...>; ... 4 more ...; created_at?: SQL<...> | ... 3 more ... | undefined; }): PgInsertBase<...>', gave the following error.
    Argument of type '{ email: string; username: string; password: string; phone: string; address?: string | null | undefined; role?: string | undefined; }' is not assignable to parameter of type '{ email: string | SQL<unknown> | Placeholder<string, any>; username: string | SQL<unknown> | Placeholder<string, any>; password: string | SQL<unknown> | Placeholder<...>; ... 4 more ...; created_at?: SQL<...> | ... 3 more ... | undefined; }'.
      Types of property 'role' are incompatible.
        Type 'string | undefined' is not assignable to type 'UserRoleType | SQL<unknown> | Placeholder<string, any> | undefined'.
          Type 'string' is not assignable to type 'UserRoleType | SQL<unknown> | Placeholder<string, any> | undefined'.
  Overload 2 of 2, '(values: { email: string | SQL<unknown> | Placeholder<string, any>; username: string | SQL<unknown> | Placeholder<string, any>; password: string | SQL<unknown> | Placeholder<...>; ... 4 more ...; created_at?: SQL<...> | ... 3 more ... | undefined; }[]): PgInsertBase<...>', gave the following error.
    Argument of type '{ email: string; username: string; password: string; phone: string; address?: string | null | undefined; role?: string | undefined; }' is not assignable to parameter of type '{ email: string | SQL<unknown> | Placeholder<string, any>; username: string | SQL<unknown> | Placeholder<string, any>; password: string | SQL<unknown> | Placeholder<...>; ... 4 more ...; created_at?: SQL<...> | ... 3 more ... | undefined; }[]'.
      Type '{ email: string; username: string; password: string; phone: string; address?: string | null | undefined; role?: string | undefined; }' is missing the following properties from type '{ email: string | SQL<unknown> | Placeholder<string, any>; username: string | SQL<unknown> | Placeholder<string, any>; password: string | SQL<unknown> | Placeholder<...>; ... 4 more ...; created_at?: SQL<...> | ... 3 more ... | undefined; }[]': length, pop, push, concat, and 35 more.
server/storage.ts(177,9): error TS2740: Type 'Omit<PgSelectBase<"restaurants", { id: PgColumn<{ name: "id"; tableName: "restaurants"; dataType: "number"; columnType: "PgSerial"; data: number; driverParam: number; notNull: true; hasDefault: true; isPrimaryKey: true; ... 5 more ...; generated: undefined; }, {}, {}>; ... 11 more ...; created_at: PgColumn<...>; }, ...' is missing the following properties from type 'PgSelectBase<"restaurants", { id: PgColumn<{ name: "id"; tableName: "restaurants"; dataType: "number"; columnType: "PgSerial"; data: number; driverParam: number; notNull: true; hasDefault: true; isPrimaryKey: true; ... 5 more ...; generated: undefined; }, {}, {}>; ... 11 more ...; created_at: PgColumn<...>; }, ... 5...': config, joinsNotNullableMap, tableName, isPartialSelect, and 5 more.
server/storage.ts(182,9): error TS2740: Type 'Omit<PgSelectBase<"restaurants", { id: PgColumn<{ name: "id"; tableName: "restaurants"; dataType: "number"; columnType: "PgSerial"; data: number; driverParam: number; notNull: true; hasDefault: true; isPrimaryKey: true; ... 5 more ...; generated: undefined; }, {}, {}>; ... 11 more ...; created_at: PgColumn<...>; }, ...' is missing the following properties from type 'PgSelectBase<"restaurants", { id: PgColumn<{ name: "id"; tableName: "restaurants"; dataType: "number"; columnType: "PgSerial"; data: number; driverParam: number; notNull: true; hasDefault: true; isPrimaryKey: true; ... 5 more ...; generated: undefined; }, {}, {}>; ... 11 more ...; created_at: PgColumn<...>; }, ... 5...': config, joinsNotNullableMap, tableName, isPartialSelect, and 5 more.
server/storage.ts(193,9): error TS2740: Type 'Omit<PgSelectBase<"restaurants", { id: PgColumn<{ name: "id"; tableName: "restaurants"; dataType: "number"; columnType: "PgSerial"; data: number; driverParam: number; notNull: true; hasDefault: true; isPrimaryKey: true; ... 5 more ...; generated: undefined; }, {}, {}>; ... 11 more ...; created_at: PgColumn<...>; }, ...' is missing the following properties from type 'PgSelectBase<"restaurants", { id: PgColumn<{ name: "id"; tableName: "restaurants"; dataType: "number"; columnType: "PgSerial"; data: number; driverParam: number; notNull: true; hasDefault: true; isPrimaryKey: true; ... 5 more ...; generated: undefined; }, {}, {}>; ... 11 more ...; created_at: PgColumn<...>; }, ... 5...': config, joinsNotNullableMap, tableName, isPartialSelect, and 5 more.
server/storage.ts(205,11): error TS2740: Type 'Omit<PgSelectBase<"restaurants", { id: PgColumn<{ name: "id"; tableName: "restaurants"; dataType: "number"; columnType: "PgSerial"; data: number; driverParam: number; notNull: true; hasDefault: true; isPrimaryKey: true; ... 5 more ...; generated: undefined; }, {}, {}>; ... 11 more ...; created_at: PgColumn<...>; }, ...' is missing the following properties from type 'PgSelectBase<"restaurants", { id: PgColumn<{ name: "id"; tableName: "restaurants"; dataType: "number"; columnType: "PgSerial"; data: number; driverParam: number; notNull: true; hasDefault: true; isPrimaryKey: true; ... 5 more ...; generated: undefined; }, {}, {}>; ... 11 more ...; created_at: PgColumn<...>; }, ... 5...': config, joinsNotNullableMap, tableName, isPartialSelect, and 5 more.
server/storage.ts(398,59): error TS2769: No overload matches this call.
  Overload 1 of 2, '(value: { restaurant_id: number | SQL<unknown> | Placeholder<string, any>; user_id: number | SQL<unknown> | Placeholder<string, any>; items: unknown; total_amount: number | ... 1 more ... | Placeholder<...>; ... 6 more ...; special_instructions?: string | ... 3 more ... | undefined; }): PgInsertBase<...>', gave the following error.
    Argument of type '{ restaurant_id: number; user_id: number; items: Json; total_amount: number; delivery_address: string; status?: string | undefined; delivery_partner_id?: number | null | undefined; special_instructions?: string | ... 1 more ... | undefined; }' is not assignable to parameter of type '{ restaurant_id: number | SQL<unknown> | Placeholder<string, any>; user_id: number | SQL<unknown> | Placeholder<string, any>; items: unknown; total_amount: number | SQL<...> | Placeholder<...>; ... 6 more ...; special_instructions?: string | ... 3 more ... | undefined; }'.
      Types of property 'status' are incompatible.
        Type 'string | undefined' is not assignable to type 'OrderStatusType | SQL<unknown> | Placeholder<string, any> | undefined'.
          Type 'string' is not assignable to type 'OrderStatusType | SQL<unknown> | Placeholder<string, any> | undefined'.
  Overload 2 of 2, '(values: { restaurant_id: number | SQL<unknown> | Placeholder<string, any>; user_id: number | SQL<unknown> | Placeholder<string, any>; items: unknown; total_amount: number | ... 1 more ... | Placeholder<...>; ... 6 more ...; special_instructions?: string | ... 3 more ... | undefined; }[]): PgInsertBase<...>', gave the following error.
    Argument of type '{ restaurant_id: number; user_id: number; items: Json; total_amount: number; delivery_address: string; status?: string | undefined; delivery_partner_id?: number | null | undefined; special_instructions?: string | ... 1 more ... | undefined; }' is not assignable to parameter of type '{ restaurant_id: number | SQL<unknown> | Placeholder<string, any>; user_id: number | SQL<unknown> | Placeholder<string, any>; items: unknown; total_amount: number | SQL<...> | Placeholder<...>; ... 6 more ...; special_instructions?: string | ... 3 more ... | undefined; }[]'.
      Type '{ restaurant_id: number; user_id: number; items: Json; total_amount: number; delivery_address: string; status?: string | undefined; delivery_partner_id?: number | null | undefined; special_instructions?: string | ... 1 more ... | undefined; }' is missing the following properties from type '{ restaurant_id: number | SQL<unknown> | Placeholder<string, any>; user_id: number | SQL<unknown> | Placeholder<string, any>; items: unknown; total_amount: number | SQL<...> | Placeholder<...>; ... 6 more ...; special_instructions?: string | ... 3 more ... | undefined; }[]': length, pop, push, concat, and 35 more.
server/vite.ts(42,5): error TS2322: Type '{ middlewareMode: boolean; hmr: { server: Server<typeof IncomingMessage, typeof ServerResponse>; }; allowedHosts: boolean; }' is not assignable to type 'ServerOptions'.
  Types of property 'allowedHosts' are incompatible.
    Type 'boolean' is not assignable to type 'true | string[] | undefined'.
